Archive member included to satisfy reference by file (symbol)

/usr/local/mcuxpressoide-10.3.0_2200/ide/plugins/com.nxp.mcuxpresso.tools.linux_10.3.0.201811011841/tools/bin/../lib/gcc/arm-none-eabi/7.3.1/../../../../arm-none-eabi/lib/thumb/v6-m/libcr_nohost_nf.a(_cr__main.o)
                              ./startup/startup_mkl25z4.o (__main)
/usr/local/mcuxpressoide-10.3.0_2200/ide/plugins/com.nxp.mcuxpresso.tools.linux_10.3.0.201811011841/tools/bin/../lib/gcc/arm-none-eabi/7.3.1/../../../../arm-none-eabi/lib/thumb/v6-m/libcr_c.a(memcpy.o)
                              ./drivers/fsl_flash.o (memcpy)
/usr/local/mcuxpressoide-10.3.0_2200/ide/plugins/com.nxp.mcuxpresso.tools.linux_10.3.0.201811011841/tools/bin/../lib/gcc/arm-none-eabi/7.3.1/../../../../arm-none-eabi/lib/thumb/v6-m/libcr_c.a(memset.o)
                              ./drivers/fsl_flash.o (memset)
/usr/local/mcuxpressoide-10.3.0_2200/ide/plugins/com.nxp.mcuxpresso.tools.linux_10.3.0.201811011841/tools/bin/../lib/gcc/arm-none-eabi/7.3.1/../../../../arm-none-eabi/lib/thumb/v6-m/libcr_c.a(alloc.o)
                              ./source/ring.o (malloc)
/usr/local/mcuxpressoide-10.3.0_2200/ide/plugins/com.nxp.mcuxpresso.tools.linux_10.3.0.201811011841/tools/bin/../lib/gcc/arm-none-eabi/7.3.1/../../../../arm-none-eabi/lib/thumb/v6-m/libcr_c.a(fpprintf.o)
                              ./source/uart_functions.o (sprintf)
/usr/local/mcuxpressoide-10.3.0_2200/ide/plugins/com.nxp.mcuxpresso.tools.linux_10.3.0.201811011841/tools/bin/../lib/gcc/arm-none-eabi/7.3.1/../../../../arm-none-eabi/lib/thumb/v6-m/libcr_c.a(initio.o)
                              /usr/local/mcuxpressoide-10.3.0_2200/ide/plugins/com.nxp.mcuxpresso.tools.linux_10.3.0.201811011841/tools/bin/../lib/gcc/arm-none-eabi/7.3.1/../../../../arm-none-eabi/lib/thumb/v6-m/libcr_nohost_nf.a(_cr__main.o) (_initio)
/usr/local/mcuxpressoide-10.3.0_2200/ide/plugins/com.nxp.mcuxpresso.tools.linux_10.3.0.201811011841/tools/bin/../lib/gcc/arm-none-eabi/7.3.1/../../../../arm-none-eabi/lib/thumb/v6-m/libcr_c.a(modf.o)
                              ./utilities/fsl_debug_console.o (modf)
/usr/local/mcuxpressoide-10.3.0_2200/ide/plugins/com.nxp.mcuxpresso.tools.linux_10.3.0.201811011841/tools/bin/../lib/gcc/arm-none-eabi/7.3.1/../../../../arm-none-eabi/lib/thumb/v6-m/libcr_c.a(pow.o)
                              ./utilities/fsl_debug_console.o (pow)
/usr/local/mcuxpressoide-10.3.0_2200/ide/plugins/com.nxp.mcuxpresso.tools.linux_10.3.0.201811011841/tools/bin/../lib/gcc/arm-none-eabi/7.3.1/../../../../arm-none-eabi/lib/thumb/v6-m/libcr_c.a(printf.o)
                              /usr/local/mcuxpressoide-10.3.0_2200/ide/plugins/com.nxp.mcuxpresso.tools.linux_10.3.0.201811011841/tools/bin/../lib/gcc/arm-none-eabi/7.3.1/../../../../arm-none-eabi/lib/thumb/v6-m/libcr_c.a(fpprintf.o) (__vfprintf)
/usr/local/mcuxpressoide-10.3.0_2200/ide/plugins/com.nxp.mcuxpresso.tools.linux_10.3.0.201811011841/tools/bin/../lib/gcc/arm-none-eabi/7.3.1/../../../../arm-none-eabi/lib/thumb/v6-m/libcr_c.a(setvbuf.o)
                              /usr/local/mcuxpressoide-10.3.0_2200/ide/plugins/com.nxp.mcuxpresso.tools.linux_10.3.0.201811011841/tools/bin/../lib/gcc/arm-none-eabi/7.3.1/../../../../arm-none-eabi/lib/thumb/v6-m/libcr_c.a(initio.o) (setvbuf)
/usr/local/mcuxpressoide-10.3.0_2200/ide/plugins/com.nxp.mcuxpresso.tools.linux_10.3.0.201811011841/tools/bin/../lib/gcc/arm-none-eabi/7.3.1/../../../../arm-none-eabi/lib/thumb/v6-m/libcr_c.a(strlen.o)
                              ./utilities/fsl_debug_console.o (strlen)
/usr/local/mcuxpressoide-10.3.0_2200/ide/plugins/com.nxp.mcuxpresso.tools.linux_10.3.0.201811011841/tools/bin/../lib/gcc/arm-none-eabi/7.3.1/../../../../arm-none-eabi/lib/thumb/v6-m/libcr_c.a(__init_alloc.o)
                              /usr/local/mcuxpressoide-10.3.0_2200/ide/plugins/com.nxp.mcuxpresso.tools.linux_10.3.0.201811011841/tools/bin/../lib/gcc/arm-none-eabi/7.3.1/../../../../arm-none-eabi/lib/thumb/v6-m/libcr_c.a(alloc.o) (__heaps)
/usr/local/mcuxpressoide-10.3.0_2200/ide/plugins/com.nxp.mcuxpresso.tools.linux_10.3.0.201811011841/tools/bin/../lib/gcc/arm-none-eabi/7.3.1/../../../../arm-none-eabi/lib/thumb/v6-m/libcr_c.a(_cr_sbrk.o)
                              /usr/local/mcuxpressoide-10.3.0_2200/ide/plugins/com.nxp.mcuxpresso.tools.linux_10.3.0.201811011841/tools/bin/../lib/gcc/arm-none-eabi/7.3.1/../../../../arm-none-eabi/lib/thumb/v6-m/libcr_c.a(alloc.o) (_sbrk)
/usr/local/mcuxpressoide-10.3.0_2200/ide/plugins/com.nxp.mcuxpresso.tools.linux_10.3.0.201811011841/tools/bin/../lib/gcc/arm-none-eabi/7.3.1/../../../../arm-none-eabi/lib/thumb/v6-m/libcr_c.a(_deferredlazyseek.o)
                              /usr/local/mcuxpressoide-10.3.0_2200/ide/plugins/com.nxp.mcuxpresso.tools.linux_10.3.0.201811011841/tools/bin/../lib/gcc/arm-none-eabi/7.3.1/../../../../arm-none-eabi/lib/thumb/v6-m/libcr_c.a(fpprintf.o) (__flsbuf)
[...]
Memory Configuration

Name             Origin             Length             Attributes
PROGRAM_FLASH    0x0000000000000000 0x0000000000020000 xr
SRAM             0x000000001ffff000 0x0000000000004000 xrw
*default*        0x0000000000000000 0xffffffffffffffff

Linker script and memory map

LOAD ./utilities/fsl_debug_console.o
LOAD ./startup/startup_mkl25z4.o
LOAD ./source/Project2_UARTDriver.o
LOAD ./source/mtb.o
LOAD ./source/ring.o
LOAD ./source/semihost_hardfault.o
LOAD ./source/uart_functions.o
LOAD ./drivers/fsl_clock.o
LOAD ./drivers/fsl_common.o
LOAD ./drivers/fsl_flash.o
LOAD ./drivers/fsl_gpio.o
LOAD ./drivers/fsl_lpsci.o
LOAD ./drivers/fsl_smc.o
LOAD ./drivers/fsl_uart.o
LOAD ./board/board.o
LOAD ./board/clock_config.o
LOAD ./board/peripherals.o
LOAD ./board/pin_mux.o
LOAD ./CMSIS/system_MKL25Z4.o
START GROUP
LOAD /usr/local/mcuxpressoide-10.3.0_2200/ide/plugins/com.nxp.mcuxpresso.tools.linux_10.3.0.201811011841/tools/bin/../lib/gcc/arm-none-eabi/7.3.1/../../../../arm-none-eabi/lib/thumb/v6-m/libcr_nohost_nf.a
LOAD /usr/local/mcuxpressoide-10.3.0_2200/ide/plugins/com.nxp.mcuxpresso.tools.linux_10.3.0.201811011841/tools/bin/../lib/gcc/arm-none-eabi/7.3.1/../../../../arm-none-eabi/lib/thumb/v6-m/libcr_c.a
LOAD /usr/local/mcuxpressoide-10.3.0_2200/ide/plugins/com.nxp.mcuxpresso.tools.linux_10.3.0.201811011841/tools/bin/../lib/gcc/arm-none-eabi/7.3.1/thumb/v6-m/libcr_eabihelpers.a
END GROUP
                0x0000000000000000                __base_PROGRAM_FLASH = 0x0
                0x0000000000000000                __base_Flash = 0x0
                0x0000000000020000                __top_PROGRAM_FLASH = 0x20000
                0x0000000000020000                __top_Flash = 0x20000
                0x000000001ffff000                __base_SRAM = 0x1ffff000
                0x000000001ffff000                __base_RAM = 0x1ffff000
                0x0000000020003000                __top_SRAM = 0x20003000
                0x0000000020003000                __top_RAM = 0x20003000

.text           0x0000000000000000     0x3680
 FILL mask 0xff
                0x0000000000000000                __vectors_start__ = ABSOLUTE (.)
 *(SORT_BY_ALIGNMENT(.isr_vector))
 .isr_vector    0x0000000000000000       0xc0 ./startup/startup_mkl25z4.o
                0x0000000000000000                __Vectors
                0x0000000000000000                g_pfnVectors
                0x00000000000000c0                . = ALIGN (0x4)
                0x00000000000000c0                __section_table_start = .
                0x00000000000000c0                __data_section_table = .
                0x00000000000000c0        0x4 LONG 0x3680 LOADADDR (.data)
                0x00000000000000c4        0x4 LONG 0x1ffff080 ADDR (.data)
                0x00000000000000c8        0x4 LONG 0x4 SIZEOF (.data)
                0x00000000000000cc                __data_section_table_end = .
                0x00000000000000cc                __bss_section_table = .
                0x00000000000000cc        0x4 LONG 0x1ffff084 ADDR (.bss)
                0x00000000000000d0        0x4 LONG 0x1488 SIZEOF (.bss)
                0x00000000000000d4                __bss_section_table_end = .
                0x00000000000000d4                __section_table_end = .
 *(SORT_BY_ALIGNMENT(.after_vectors*))
 .after_vectors.reset
                0x00000000000000d4       0x4c ./startup/startup_mkl25z4.o
                0x00000000000000d4                ResetISR
 .after_vectors.init_data
                0x0000000000000120       0x16 ./startup/startup_mkl25z4.o
                0x0000000000000120                data_init
 .after_vectors.init_bss
                0x0000000000000136       0x12 ./startup/startup_mkl25z4.o
                0x0000000000000136                bss_init
 .after_vectors
                0x0000000000000148      0x10c ./startup/startup_mkl25z4.o
                0x0000000000000148                NMI_Handler
                0x000000000000014c                SVC_Handler
                0x000000000000014e                PendSV_Handler
                0x0000000000000150                SysTick_Handler
                0x0000000000000152                PIT_DriverIRQHandler
                0x0000000000000152                Reserved39_DriverIRQHandler
                0x0000000000000152                DMA0_DriverIRQHandler
                0x0000000000000152                SPI1_DriverIRQHandler
                0x0000000000000152                LPTMR0_DriverIRQHandler
                0x0000000000000152                TPM2_DriverIRQHandler
                0x0000000000000152                TSI0_DriverIRQHandler
                0x0000000000000152                RTC_Seconds_DriverIRQHandler
                0x0000000000000152                LLWU_DriverIRQHandler
                0x0000000000000152                MCG_DriverIRQHandler
                0x0000000000000152                FTFA_DriverIRQHandler
                0x0000000000000152                IntDefaultHandler
                0x0000000000000152                USB0_DriverIRQHandler
                0x0000000000000152                DAC0_DriverIRQHandler
                0x0000000000000152                LVD_LVW_DriverIRQHandler
                0x0000000000000152                TPM0_DriverIRQHandler
                0x0000000000000152                Reserved20_DriverIRQHandler
                0x0000000000000152                DMA3_DriverIRQHandler
                0x0000000000000152                Reserved45_DriverIRQHandler
                0x0000000000000152                PORTA_DriverIRQHandler
                0x0000000000000152                TPM1_DriverIRQHandler
                0x0000000000000152                RTC_DriverIRQHandler
                0x0000000000000152                DMA1_DriverIRQHandler
                0x0000000000000152                I2C1_DriverIRQHandler
                0x0000000000000152                SPI0_DriverIRQHandler
                0x0000000000000152                ADC0_DriverIRQHandler
                0x0000000000000152                CMP0_DriverIRQHandler
                0x0000000000000152                DMA2_DriverIRQHandler
                0x0000000000000152                PORTD_DriverIRQHandler
                0x0000000000000152                I2C0_DriverIRQHandler
                0x0000000000000154                DMA0_IRQHandler
                0x000000000000015c                DMA1_IRQHandler
                0x0000000000000164                DMA2_IRQHandler
                0x000000000000016c                DMA3_IRQHandler
                0x0000000000000174                Reserved20_IRQHandler
                0x000000000000017c                FTFA_IRQHandler
                0x0000000000000184                LVD_LVW_IRQHandler
                0x000000000000018c                LLWU_IRQHandler
                0x0000000000000194                I2C0_IRQHandler
                0x000000000000019c                I2C1_IRQHandler
                0x00000000000001a4                SPI0_IRQHandler
                0x00000000000001ac                SPI1_IRQHandler
                0x00000000000001bc                UART1_IRQHandler
                0x00000000000001c4                UART2_IRQHandler
                0x00000000000001cc                ADC0_IRQHandler
                0x00000000000001d4                CMP0_IRQHandler
                0x00000000000001dc                TPM0_IRQHandler
                0x00000000000001e4                TPM1_IRQHandler
                0x00000000000001ec                TPM2_IRQHandler
                0x00000000000001f4                RTC_IRQHandler
                0x00000000000001fc                RTC_Seconds_IRQHandler
                0x0000000000000204                PIT_IRQHandler
                0x000000000000020c                Reserved39_IRQHandler
                0x0000000000000214                USB0_IRQHandler
                0x000000000000021c                DAC0_IRQHandler
                0x0000000000000224                TSI0_IRQHandler
                0x000000000000022c                MCG_IRQHandler
                0x0000000000000234                LPTMR0_IRQHandler
                0x000000000000023c                Reserved45_IRQHandler
                0x0000000000000244                PORTA_IRQHandler
                0x000000000000024c                PORTD_IRQHandler
                0x0000000000000400                . = 0x400
 *fill*         0x0000000000000254      0x1ac ff
                0x0000000000000400                PROVIDE (__FLASH_CONFIG_START__ = .)
 *(SORT_BY_ALIGNMENT(.FlashConfig))
 .FlashConfig   0x0000000000000400       0x10 ./startup/startup_mkl25z4.o
                0x0000000000000400                Flash_Config
                0x0000000000000410                PROVIDE (__FLASH_CONFIG_END__ = .)
                0x0000000000000001                ASSERT (! ((__FLASH_CONFIG_START__ == __FLASH_CONFIG_END__)), Linker Flash Config Support Enabled, but no .FlashConfig section provided within application)
 *(SORT_BY_ALIGNMENT(.text*))
 .text.main     0x0000000000000410      0x100 ./source/Project2_UARTDriver.o
                0x0000000000000410                main
 .text.HardFault_Handler
                0x0000000000000510       0x30 ./source/semihost_hardfault.o
                0x0000000000000510                HardFault_Handler
 .text.NVIC_EnableIRQ
                0x0000000000000540       0x2c ./source/uart_functions.o
 .text.clear_fib_arr
                0x000000000000056c       0x50 ./source/uart_functions.o
                0x000000000000056c                clear_fib_arr
 .text.report_stats
                0x00000000000005bc      0x314 ./source/uart_functions.o
                0x00000000000005bc                report_stats
 .text.UART0_init
                0x00000000000008d0      0x150 ./source/uart_functions.o
                0x00000000000008d0                UART0_init
 .text.UART0_IRQHandler
                0x0000000000000a20       0x8c ./source/uart_functions.o
                0x0000000000000a20                UART0_IRQHandler
 .text.check_TX_ready
                0x0000000000000aac       0x30 ./source/uart_functions.o
                0x0000000000000aac                check_TX_ready
 .text.check_RX_ready
                0x0000000000000adc       0x24 ./source/uart_functions.o
                0x0000000000000adc                check_RX_ready
 .text.tx_ring  0x0000000000000b00       0x44 ./source/uart_functions.o
                0x0000000000000b00                tx_ring
 .text.UART0_DriverIRQHandler
                0x0000000000000b44       0x24 ./drivers/fsl_lpsci.o
                0x0000000000000b44                UART0_DriverIRQHandler
 .text.UART1_DriverIRQHandler
                0x0000000000000b68       0x24 ./drivers/fsl_uart.o
                0x0000000000000b68                UART1_DriverIRQHandler
 .text.UART2_DriverIRQHandler
                0x0000000000000b8c       0x24 ./drivers/fsl_uart.o
                0x0000000000000b8c                UART2_DriverIRQHandler
 .text.SystemInit
                0x0000000000000bb0       0x18 ./CMSIS/system_MKL25Z4.o
                0x0000000000000bb0                SystemInit
 .text.malloc   0x0000000000000bc8       0xcc /usr/local/mcuxpressoide-10.3.0_2200/ide/plugins/com.nxp.mcuxpresso.tools.linux_10.3.0.201811011841/tools/bin/../lib/gcc/arm-none-eabi/7.3.1/../../../../arm-none-eabi/lib/thumb/v6-m/libcr_c.a(alloc.o)
                0x0000000000000bc8                malloc
 .text._Csys_alloc
                0x0000000000000c94       0x20 /usr/local/mcuxpressoide-10.3.0_2200/ide/plugins/com.nxp.mcuxpresso.tools.linux_10.3.0.201811011841/tools/bin/../lib/gcc/arm-none-eabi/7.3.1/../../../../arm-none-eabi/lib/thumb/v6-m/libcr_c.a(alloc.o)
                0x0000000000000c94                _Csys_alloc
 .text.sprintf  0x0000000000000cb4       0x6c /usr/local/mcuxpressoide-10.3.0_2200/ide/plugins/com.nxp.mcuxpresso.tools.linux_10.3.0.201811011841/tools/bin/../lib/gcc/arm-none-eabi/7.3.1/../../../../arm-none-eabi/lib/thumb/v6-m/libcr_c.a(fpprintf.o)
                0x0000000000000cb4                sprintf
 .text.fp_display
                0x0000000000000d20      0x980 /usr/local/mcuxpressoide-10.3.0_2200/ide/plugins/com.nxp.mcuxpresso.tools.linux_10.3.0.201811011841/tools/bin/../lib/gcc/arm-none-eabi/7.3.1/../../../../arm-none-eabi/lib/thumb/v6-m/libcr_c.a(fpprintf.o)
 .text._initio  0x00000000000016a0       0x7c /usr/local/mcuxpressoide-10.3.0_2200/ide/plugins/com.nxp.mcuxpresso.tools.linux_10.3.0.201811011841/tools/bin/../lib/gcc/arm-none-eabi/7.3.1/../../../../arm-none-eabi/lib/thumb/v6-m/libcr_c.a(initio.o)
                0x00000000000016a0                _initio
 .text.__vfprintf
                0x000000000000171c      0xcb8 /usr/local/mcuxpressoide-10.3.0_2200/ide/plugins/com.nxp.mcuxpresso.tools.linux_10.3.0.201811011841/tools/bin/../lib/gcc/arm-none-eabi/7.3.1/../../../../arm-none-eabi/lib/thumb/v6-m/libcr_c.a(printf.o)
                0x000000000000171c                __vfprintf
 .text.setvbuf  0x00000000000023d4       0x48 /usr/local/mcuxpressoide-10.3.0_2200/ide/plugins/com.nxp.mcuxpresso.tools.linux_10.3.0.201811011841/tools/bin/../lib/gcc/arm-none-eabi/7.3.1/../../../../arm-none-eabi/lib/thumb/v6-m/libcr_c.a(setvbuf.o)
                0x00000000000023d4                setvbuf
 .text.strlen   0x000000000000241c       0x58 /usr/local/mcuxpressoide-10.3.0_2200/ide/plugins/com.nxp.mcuxpresso.tools.linux_10.3.0.201811011841/tools/bin/../lib/gcc/arm-none-eabi/7.3.1/../../../../arm-none-eabi/lib/thumb/v6-m/libcr_c.a(strlen.o)
                0x000000000000241c                strlen
 .text._sbrk    0x0000000000002474       0x40 /usr/local/mcuxpressoide-10.3.0_2200/ide/plugins/com.nxp.mcuxpresso.tools.linux_10.3.0.201811011841/tools/bin/../lib/gcc/arm-none-eabi/7.3.1/../../../../arm-none-eabi/lib/thumb/v6-m/libcr_c.a(_cr_sbrk.o)
                0x0000000000002474                _sbrk
 .text._deferredlazyseek
                0x00000000000024b4       0x40 /usr/local/mcuxpressoide-10.3.0_2200/ide/plugins/com.nxp.mcuxpresso.tools.linux_10.3.0.201811011841/tools/bin/../lib/gcc/arm-none-eabi/7.3.1/../../../../arm-none-eabi/lib/thumb/v6-m/libcr_c.a(_deferredlazyseek.o)
                0x00000000000024b4                _deferredlazyseek
 .text.__flsbuf
                0x00000000000024f4      0x14c /usr/local/mcuxpressoide-10.3.0_2200/ide/plugins/com.nxp.mcuxpresso.tools.linux_10.3.0.201811011841/tools/bin/../lib/gcc/arm-none-eabi/7.3.1/../../../../arm-none-eabi/lib/thumb/v6-m/libcr_c.a(_deferredlazyseek.o)
                0x00000000000024f4                __flsbuf
 .text._fdopen  0x0000000000002640       0x74 /usr/local/mcuxpressoide-10.3.0_2200/ide/plugins/com.nxp.mcuxpresso.tools.linux_10.3.0.201811011841/tools/bin/../lib/gcc/arm-none-eabi/7.3.1/../../../../arm-none-eabi/lib/thumb/v6-m/libcr_c.a(_fdopen.o)
                0x0000000000002640                _fdopen
 .text._fflush  0x00000000000026b4       0x5c /usr/local/mcuxpressoide-10.3.0_2200/ide/plugins/com.nxp.mcuxpresso.tools.linux_10.3.0.201811011841/tools/bin/../lib/gcc/arm-none-eabi/7.3.1/../../../../arm-none-eabi/lib/thumb/v6-m/libcr_c.a(_fflush.o)
                0x00000000000026b4                _fflush
 .text._frexpl  0x0000000000002710       0x80 /usr/local/mcuxpressoide-10.3.0_2200/ide/plugins/com.nxp.mcuxpresso.tools.linux_10.3.0.201811011841/tools/bin/../lib/gcc/arm-none-eabi/7.3.1/../../../../arm-none-eabi/lib/thumb/v6-m/libcr_c.a(_frexpl.o)
                0x0000000000002710                _frexpl
 .text._ldexpl  0x0000000000002790       0x58 /usr/local/mcuxpressoide-10.3.0_2200/ide/plugins/com.nxp.mcuxpresso.tools.linux_10.3.0.201811011841/tools/bin/../lib/gcc/arm-none-eabi/7.3.1/../../../../arm-none-eabi/lib/thumb/v6-m/libcr_c.a(_ldexpl.o)
                0x0000000000002790                _ldexpl
 .text._Cwritebuf
                0x00000000000027e8       0x68 /usr/local/mcuxpressoide-10.3.0_2200/ide/plugins/com.nxp.mcuxpresso.tools.linux_10.3.0.201811011841/tools/bin/../lib/gcc/arm-none-eabi/7.3.1/../../../../arm-none-eabi/lib/thumb/v6-m/libcr_c.a(_writebuf.o)
                0x00000000000027e8                _Cwritebuf
 .text.fclose   0x0000000000002850       0x5c /usr/local/mcuxpressoide-10.3.0_2200/ide/plugins/com.nxp.mcuxpresso.tools.linux_10.3.0.201811011841/tools/bin/../lib/gcc/arm-none-eabi/7.3.1/../../../../arm-none-eabi/lib/thumb/v6-m/libcr_c.a(fclose.o)
                0x0000000000002850                fclose
 .text.fflush   0x00000000000028ac       0x44 /usr/local/mcuxpressoide-10.3.0_2200/ide/plugins/com.nxp.mcuxpresso.tools.linux_10.3.0.201811011841/tools/bin/../lib/gcc/arm-none-eabi/7.3.1/../../../../arm-none-eabi/lib/thumb/v6-m/libcr_c.a(fflush.o)
                0x00000000000028ac                fflush
 .text.fseek    0x00000000000028f0       0xf0 /usr/local/mcuxpressoide-10.3.0_2200/ide/plugins/com.nxp.mcuxpresso.tools.linux_10.3.0.201811011841/tools/bin/../lib/gcc/arm-none-eabi/7.3.1/../../../../arm-none-eabi/lib/thumb/v6-m/libcr_c.a(fseek.o)
                0x00000000000028f0                fseek
 .text.ftell    0x00000000000029e0       0x48 /usr/local/mcuxpressoide-10.3.0_2200/ide/plugins/com.nxp.mcuxpresso.tools.linux_10.3.0.201811011841/tools/bin/../lib/gcc/arm-none-eabi/7.3.1/../../../../arm-none-eabi/lib/thumb/v6-m/libcr_c.a(ftell.o)
                0x00000000000029e0                ftell
 .text.__check_heap_overflow
                0x0000000000002a28       0x14 /usr/local/mcuxpressoide-10.3.0_2200/ide/plugins/com.nxp.mcuxpresso.tools.linux_10.3.0.201811011841/tools/bin/../lib/gcc/arm-none-eabi/7.3.1/../../../../arm-none-eabi/lib/thumb/v6-m/libcr_c.a(_cr_check_heap.o)
                0x0000000000002a28                __check_heap_overflow
 .text._do_fflush
                0x0000000000002a3c       0x44 /usr/local/mcuxpressoide-10.3.0_2200/ide/plugins/com.nxp.mcuxpresso.tools.linux_10.3.0.201811011841/tools/bin/../lib/gcc/arm-none-eabi/7.3.1/../../../../arm-none-eabi/lib/thumb/v6-m/libcr_c.a(_do_fflush.o)
                0x0000000000002a3c                _do_fflush
 .text.__aeabi_dmul
                0x0000000000002a80      0x184 /usr/local/mcuxpressoide-10.3.0_2200/ide/plugins/com.nxp.mcuxpresso.tools.linux_10.3.0.201811011841/tools/bin/../lib/gcc/arm-none-eabi/7.3.1/thumb/v6-m/libcr_eabihelpers.a(double.o)
                0x0000000000002a80                __aeabi_dmul
 .text.__aeabi_ddiv
                0x0000000000002c04      0x148 /usr/local/mcuxpressoide-10.3.0_2200/ide/plugins/com.nxp.mcuxpresso.tools.linux_10.3.0.201811011841/tools/bin/../lib/gcc/arm-none-eabi/7.3.1/thumb/v6-m/libcr_eabihelpers.a(double.o)
                0x0000000000002c04                __aeabi_ddiv
 .text.__aeabi_dsub
                0x0000000000002d4c      0x1bc /usr/local/mcuxpressoide-10.3.0_2200/ide/plugins/com.nxp.mcuxpresso.tools.linux_10.3.0.201811011841/tools/bin/../lib/gcc/arm-none-eabi/7.3.1/thumb/v6-m/libcr_eabihelpers.a(double.o)
                0x0000000000002d4c                __aeabi_dsub
 .text.__aeabi_dadd
                0x0000000000002f08      0x128 /usr/local/mcuxpressoide-10.3.0_2200/ide/plugins/com.nxp.mcuxpresso.tools.linux_10.3.0.201811011841/tools/bin/../lib/gcc/arm-none-eabi/7.3.1/thumb/v6-m/libcr_eabihelpers.a(double.o)
                0x0000000000002f08                __aeabi_dadd
 .text.__aeabi_d2iz
                0x0000000000003030       0x44 /usr/local/mcuxpressoide-10.3.0_2200/ide/plugins/com.nxp.mcuxpresso.tools.linux_10.3.0.201811011841/tools/bin/../lib/gcc/arm-none-eabi/7.3.1/thumb/v6-m/libcr_eabihelpers.a(double.o)
                0x0000000000003030                __aeabi_d2iz
 .text.__aeabi_d2uiz
                0x0000000000003074       0x34 /usr/local/mcuxpressoide-10.3.0_2200/ide/plugins/com.nxp.mcuxpresso.tools.linux_10.3.0.201811011841/tools/bin/../lib/gcc/arm-none-eabi/7.3.1/thumb/v6-m/libcr_eabihelpers.a(double.o)
                0x0000000000003074                __aeabi_d2uiz
 .text.__aeabi_dcmpeq
                0x00000000000030a8       0x30 /usr/local/mcuxpressoide-10.3.0_2200/ide/plugins/com.nxp.mcuxpresso.tools.linux_10.3.0.201811011841/tools/bin/../lib/gcc/arm-none-eabi/7.3.1/thumb/v6-m/libcr_eabihelpers.a(double.o)
                0x00000000000030a8                __aeabi_dcmpeq
 .text.__aeabi_dcmplt
                0x00000000000030d8       0x5c /usr/local/mcuxpressoide-10.3.0_2200/ide/plugins/com.nxp.mcuxpresso.tools.linux_10.3.0.201811011841/tools/bin/../lib/gcc/arm-none-eabi/7.3.1/thumb/v6-m/libcr_eabihelpers.a(double.o)
                0x00000000000030d8                __aeabi_dcmplt
 .text.__aeabi_dcmple
                0x0000000000003134       0x5c /usr/local/mcuxpressoide-10.3.0_2200/ide/plugins/com.nxp.mcuxpresso.tools.linux_10.3.0.201811011841/tools/bin/../lib/gcc/arm-none-eabi/7.3.1/thumb/v6-m/libcr_eabihelpers.a(double.o)
                0x0000000000003134                __aeabi_dcmple
 .text.__aeabi_dcmpge
                0x0000000000003190       0x60 /usr/local/mcuxpressoide-10.3.0_2200/ide/plugins/com.nxp.mcuxpresso.tools.linux_10.3.0.201811011841/tools/bin/../lib/gcc/arm-none-eabi/7.3.1/thumb/v6-m/libcr_eabihelpers.a(double.o)
                0x0000000000003190                __aeabi_dcmpge
 .text.init     0x00000000000031f0       0xb2 ./source/ring.o
                0x00000000000031f0                init
 .text.insert   0x00000000000032a2       0x66 ./source/ring.o
                0x00000000000032a2                insert
 .text.remove_entry
                0x0000000000003308       0x50 ./source/ring.o
                0x0000000000003308                remove_entry
 .text.entries  0x0000000000003358       0x42 ./source/ring.o
                0x0000000000003358                entries
 .text.__main   0x000000000000339a        0xc /usr/local/mcuxpressoide-10.3.0_2200/ide/plugins/com.nxp.mcuxpresso.tools.linux_10.3.0.201811011841/tools/bin/../lib/gcc/arm-none-eabi/7.3.1/../../../../arm-none-eabi/lib/thumb/v6-m/libcr_nohost_nf.a(_cr__main.o)
                0x000000000000339a                __main
 .text.memset   0x00000000000033a6        0x8 /usr/local/mcuxpressoide-10.3.0_2200/ide/plugins/com.nxp.mcuxpresso.tools.linux_10.3.0.201811011841/tools/bin/../lib/gcc/arm-none-eabi/7.3.1/../../../../arm-none-eabi/lib/thumb/v6-m/libcr_c.a(memset.o)
                0x00000000000033a6                memset
 .text.free     0x00000000000033ae       0x2c /usr/local/mcuxpressoide-10.3.0_2200/ide/plugins/com.nxp.mcuxpresso.tools.linux_10.3.0.201811011841/tools/bin/../lib/gcc/arm-none-eabi/7.3.1/../../../../arm-none-eabi/lib/thumb/v6-m/libcr_c.a(alloc.o)
                0x00000000000033ae                free
 .text.fp_round
                0x00000000000033da       0x4a /usr/local/mcuxpressoide-10.3.0_2200/ide/plugins/com.nxp.mcuxpresso.tools.linux_10.3.0.201811011841/tools/bin/../lib/gcc/arm-none-eabi/7.3.1/../../../../arm-none-eabi/lib/thumb/v6-m/libcr_c.a(fpprintf.o)
 .text.pr_dec.constprop.1
                0x0000000000003424       0x30 /usr/local/mcuxpressoide-10.3.0_2200/ide/plugins/com.nxp.mcuxpresso.tools.linux_10.3.0.201811011841/tools/bin/../lib/gcc/arm-none-eabi/7.3.1/../../../../arm-none-eabi/lib/thumb/v6-m/libcr_c.a(fpprintf.o)
 .text.remove   0x0000000000003454       0x12 /usr/local/mcuxpressoide-10.3.0_2200/ide/plugins/com.nxp.mcuxpresso.tools.linux_10.3.0.201811011841/tools/bin/../lib/gcc/arm-none-eabi/7.3.1/../../../../arm-none-eabi/lib/thumb/v6-m/libcr_c.a(remove.o)
                0x0000000000003454                remove
 .text.__aeabi_division_idivmod
                0x0000000000003466       0x78 /usr/local/mcuxpressoide-10.3.0_2200/ide/plugins/com.nxp.mcuxpresso.tools.linux_10.3.0.201811011841/tools/bin/../lib/gcc/arm-none-eabi/7.3.1/thumb/v6-m/libcr_eabihelpers.a(division_32.o)
                0x0000000000003466                __aeabi_idiv
                0x0000000000003466                __aeabi_idivmod
                0x000000000000346c                __aeabi_uidiv
                0x000000000000346c                __aeabi_uidivmod
 .text.__aeabi_division_idiv0
                0x00000000000034de        0x2 /usr/local/mcuxpressoide-10.3.0_2200/ide/plugins/com.nxp.mcuxpresso.tools.linux_10.3.0.201811011841/tools/bin/../lib/gcc/arm-none-eabi/7.3.1/thumb/v6-m/libcr_eabihelpers.a(division_idiv0.o)
                0x00000000000034de                __aeabi_idiv0
 .text.__bhs_ui2d
                0x00000000000034e0       0x5e /usr/local/mcuxpressoide-10.3.0_2200/ide/plugins/com.nxp.mcuxpresso.tools.linux_10.3.0.201811011841/tools/bin/../lib/gcc/arm-none-eabi/7.3.1/thumb/v6-m/libcr_eabihelpers.a(double.o)
                0x00000000000034e0                __bhs_ui2d
 .text.__aeabi_i2d
                0x000000000000353e       0x18 /usr/local/mcuxpressoide-10.3.0_2200/ide/plugins/com.nxp.mcuxpresso.tools.linux_10.3.0.201811011841/tools/bin/../lib/gcc/arm-none-eabi/7.3.1/thumb/v6-m/libcr_eabihelpers.a(double.o)
                0x000000000000353e                __aeabi_i2d
 .text.__aeabi_ui2d
                0x0000000000003556        0xc /usr/local/mcuxpressoide-10.3.0_2200/ide/plugins/com.nxp.mcuxpresso.tools.linux_10.3.0.201811011841/tools/bin/../lib/gcc/arm-none-eabi/7.3.1/thumb/v6-m/libcr_eabihelpers.a(double.o)
                0x0000000000003556                __aeabi_ui2d
 .text.__aeabi_llong_lmul
                0x0000000000003562       0x2e /usr/local/mcuxpressoide-10.3.0_2200/ide/plugins/com.nxp.mcuxpresso.tools.linux_10.3.0.201811011841/tools/bin/../lib/gcc/arm-none-eabi/7.3.1/thumb/v6-m/libcr_eabihelpers.a(llong.o)
                0x0000000000003562                __aeabi_lmul
 .text.__aeabi_memset_lowlevel
                0x0000000000003590       0x2a /usr/local/mcuxpressoide-10.3.0_2200/ide/plugins/com.nxp.mcuxpresso.tools.linux_10.3.0.201811011841/tools/bin/../lib/gcc/arm-none-eabi/7.3.1/thumb/v6-m/libcr_eabihelpers.a(memcpy.o)
                0x0000000000003590                __aeabi_lowlevel_memset
 .text.__sys_appexit
                0x00000000000035ba        0x2 /usr/local/mcuxpressoide-10.3.0_2200/ide/plugins/com.nxp.mcuxpresso.tools.linux_10.3.0.201811011841/tools/bin/../lib/gcc/arm-none-eabi/7.3.1/../../../../arm-none-eabi/lib/thumb/v6-m/libcr_nohost_nf.a(__sys_appexit.o)
                0x00000000000035ba                __exit
                0x00000000000035ba                __sys_appexit
 .text.__sys_close
                0x00000000000035bc        0x6 /usr/local/mcuxpressoide-10.3.0_2200/ide/plugins/com.nxp.mcuxpresso.tools.linux_10.3.0.201811011841/tools/bin/../lib/gcc/arm-none-eabi/7.3.1/../../../../arm-none-eabi/lib/thumb/v6-m/libcr_nohost_nf.a(__sys_close.o)
                0x00000000000035bc                __sys_close
 .text.__sys_flen
                0x00000000000035c2        0x6 /usr/local/mcuxpressoide-10.3.0_2200/ide/plugins/com.nxp.mcuxpresso.tools.linux_10.3.0.201811011841/tools/bin/../lib/gcc/arm-none-eabi/7.3.1/../../../../arm-none-eabi/lib/thumb/v6-m/libcr_nohost_nf.a(__sys_flen.o)
                0x00000000000035c2                __sys_flen
 .text.__sys_istty
                0x00000000000035c8        0x6 /usr/local/mcuxpressoide-10.3.0_2200/ide/plugins/com.nxp.mcuxpresso.tools.linux_10.3.0.201811011841/tools/bin/../lib/gcc/arm-none-eabi/7.3.1/../../../../arm-none-eabi/lib/thumb/v6-m/libcr_nohost_nf.a(__sys_istty.o)
                0x00000000000035c8                __sys_istty
 .text.__sys_remove
                0x00000000000035ce        0x6 /usr/local/mcuxpressoide-10.3.0_2200/ide/plugins/com.nxp.mcuxpresso.tools.linux_10.3.0.201811011841/tools/bin/../lib/gcc/arm-none-eabi/7.3.1/../../../../arm-none-eabi/lib/thumb/v6-m/libcr_nohost_nf.a(__sys_remove.o)
                0x00000000000035ce                __sys_remove
 .text.__sys_seek
                0x00000000000035d4        0x6 /usr/local/mcuxpressoide-10.3.0_2200/ide/plugins/com.nxp.mcuxpresso.tools.linux_10.3.0.201811011841/tools/bin/../lib/gcc/arm-none-eabi/7.3.1/../../../../arm-none-eabi/lib/thumb/v6-m/libcr_nohost_nf.a(__sys_seek.o)
                0x00000000000035d4                __sys_seek
 .text.__sys_tmpnam
                0x00000000000035da        0x6 /usr/local/mcuxpressoide-10.3.0_2200/ide/plugins/com.nxp.mcuxpresso.tools.linux_10.3.0.201811011841/tools/bin/../lib/gcc/arm-none-eabi/7.3.1/../../../../arm-none-eabi/lib/thumb/v6-m/libcr_nohost_nf.a(__sys_tmpnam.o)
                0x00000000000035da                __sys_tmpnam
 .text.__sys_write
                0x00000000000035e0        0x4 /usr/local/mcuxpressoide-10.3.0_2200/ide/plugins/com.nxp.mcuxpresso.tools.linux_10.3.0.201811011841/tools/bin/../lib/gcc/arm-none-eabi/7.3.1/../../../../arm-none-eabi/lib/thumb/v6-m/libcr_nohost_nf.a(__sys_write.o)
                0x00000000000035e0                __sys_write
 *(SORT_BY_ALIGNMENT(.rodata) SORT_BY_ALIGNMENT(.rodata.*) SORT_BY_ALIGNMENT(.constdata) SORT_BY_ALIGNMENT(.constdata.*))
 *fill*         0x00000000000035e4        0x4 ff
 .rodata.__huge_vall
                0x00000000000035e8        0x8 /usr/local/mcuxpressoide-10.3.0_2200/ide/plugins/com.nxp.mcuxpresso.tools.linux_10.3.0.201811011841/tools/bin/../lib/gcc/arm-none-eabi/7.3.1/../../../../arm-none-eabi/lib/thumb/v6-m/libcr_c.a(_hugeval.o)
                0x00000000000035e8                __huge_vall
 .rodata        0x00000000000035f0        0x8 ./source/uart_functions.o
 .rodata.__num_Ciob_streams
                0x00000000000035f8        0x4 /usr/local/mcuxpressoide-10.3.0_2200/ide/plugins/com.nxp.mcuxpresso.tools.linux_10.3.0.201811011841/tools/bin/../lib/gcc/arm-none-eabi/7.3.1/../../../../arm-none-eabi/lib/thumb/v6-m/libcr_nohost_nf.a(__ciob.o)
                0x00000000000035f8                __num_Ciob_streams
 .rodata._Csys_alloc.str1.1
                0x00000000000035fc       0x18 /usr/local/mcuxpressoide-10.3.0_2200/ide/plugins/com.nxp.mcuxpresso.tools.linux_10.3.0.201811011841/tools/bin/../lib/gcc/arm-none-eabi/7.3.1/../../../../arm-none-eabi/lib/thumb/v6-m/libcr_c.a(alloc.o)
 .rodata.fp_display.str1.1
                0x0000000000003614       0x34 /usr/local/mcuxpressoide-10.3.0_2200/ide/plugins/com.nxp.mcuxpresso.tools.linux_10.3.0.201811011841/tools/bin/../lib/gcc/arm-none-eabi/7.3.1/../../../../arm-none-eabi/lib/thumb/v6-m/libcr_c.a(fpprintf.o)
                                         0x35 (size before relaxing)
 .rodata._initio.str1.1
                0x0000000000003648        0x4 /usr/local/mcuxpressoide-10.3.0_2200/ide/plugins/com.nxp.mcuxpresso.tools.linux_10.3.0.201811011841/tools/bin/../lib/gcc/arm-none-eabi/7.3.1/../../../../arm-none-eabi/lib/thumb/v6-m/libcr_c.a(initio.o)
 .rodata.__vfprintf.str1.1
                0x000000000000364c       0x31 /usr/local/mcuxpressoide-10.3.0_2200/ide/plugins/com.nxp.mcuxpresso.tools.linux_10.3.0.201811011841/tools/bin/../lib/gcc/arm-none-eabi/7.3.1/../../../../arm-none-eabi/lib/thumb/v6-m/libcr_c.a(printf.o)
                                         0x38 (size before relaxing)
                0x0000000000003680                . = ALIGN (0x4)
 *fill*         0x000000000000367d        0x3 ff

.glue_7         0x0000000000003680        0x0
 .glue_7        0x0000000000003680        0x0 linker stubs

.glue_7t        0x0000000000003680        0x0
 .glue_7t       0x0000000000003680        0x0 linker stubs

.vfp11_veneer   0x0000000000003680        0x0
 .vfp11_veneer  0x0000000000003680        0x0 linker stubs

.v4_bx          0x0000000000003680        0x0
 .v4_bx         0x0000000000003680        0x0 linker stubs

.iplt           0x0000000000003680        0x0
 .iplt          0x0000000000003680        0x0 ./startup/startup_mkl25z4.o

.rel.dyn        0x0000000000003680        0x0
 .rel.iplt      0x0000000000003680        0x0 ./startup/startup_mkl25z4.o

.ARM.extab
 *(SORT_BY_ALIGNMENT(.ARM.extab*) SORT_BY_ALIGNMENT(.gnu.linkonce.armextab.*))
                0x0000000000003680                __exidx_start = .

.ARM.exidx
 *(SORT_BY_ALIGNMENT(.ARM.exidx*) SORT_BY_ALIGNMENT(.gnu.linkonce.armexidx.*))
                0x0000000000003680                __exidx_end = .
                0x0000000000003680                _etext = .

.m_usb_data
 *(SORT_BY_ALIGNMENT(m_usb_bdt))

.mtb_buffer_default
                0x000000001ffff000       0x80
 *(SORT_BY_ALIGNMENT(.mtb*))
 .mtb.$RAM1     0x000000001ffff000       0x80 ./source/mtb.o
                0x000000001ffff000                __mtb_buffer__

.uninit_RESERVED
                0x000000001ffff080        0x0
 *(SORT_BY_ALIGNMENT(.bss.$RESERVED*))
                0x000000001ffff080                . = ALIGN (0x4)
                0x000000001ffff080                _end_uninit_RESERVED = .

.data           0x000000001ffff080        0x4 load address 0x0000000000003680
 FILL mask 0xff
                0x000000001ffff080                _data = .
 *(SORT_BY_ALIGNMENT(vtable))
 *(SORT_BY_ALIGNMENT(.ramfunc*))
 *(SORT_BY_ALIGNMENT(.data*))
 .data.fib_index
                0x000000001ffff080        0x4 ./source/Project2_UARTDriver.o
                0x000000001ffff080                fib_index
                0x000000001ffff084                . = ALIGN (0x4)
                0x000000001ffff084                _edata = .

.igot.plt       0x000000001ffff084        0x0 load address 0x0000000000003684
 .igot.plt      0x000000001ffff084        0x0 ./startup/startup_mkl25z4.o

.bss            0x000000001ffff084     0x1488 load address 0x0000000000003684
                0x000000001ffff084                _bss = .
 *(SORT_BY_ALIGNMENT(.bss*))
 .bss.TX_ring   0x000000001ffff084        0x4 ./source/Project2_UARTDriver.o
                0x000000001ffff084                TX_ring
 .bss.RX_ring   0x000000001ffff088        0x4 ./source/Project2_UARTDriver.o
                0x000000001ffff088                RX_ring
 .bss.report_ring
                0x000000001ffff08c        0x4 ./source/Project2_UARTDriver.o
                0x000000001ffff08c                report_ring
 .bss.fib_ring  0x000000001ffff090        0x4 ./source/Project2_UARTDriver.o
                0x000000001ffff090                fib_ring
 .bss.stats     0x000000001ffff094      0x400 ./source/Project2_UARTDriver.o
                0x000000001ffff094                stats
 .bss.fib_arr   0x000000001ffff494      0xfa0 ./source/Project2_UARTDriver.o
                0x000000001ffff494                fib_arr
 .bss.s_lpsciHandle
                0x0000000020000434        0x4 ./drivers/fsl_lpsci.o
 .bss.s_lpsciIsr
                0x0000000020000438        0x4 ./drivers/fsl_lpsci.o
 .bss.s_uartHandle
                0x000000002000043c        0xc ./drivers/fsl_uart.o
 .bss.s_uartIsr
                0x0000000020000448        0x4 ./drivers/fsl_uart.o
 .bss.__end_of_heap
                0x000000002000044c        0x4 /usr/local/mcuxpressoide-10.3.0_2200/ide/plugins/com.nxp.mcuxpresso.tools.linux_10.3.0.201811011841/tools/bin/../lib/gcc/arm-none-eabi/7.3.1/../../../../arm-none-eabi/lib/thumb/v6-m/libcr_c.a(__init_alloc.o)
                0x000000002000044c                __end_of_heap
 .bss.__heaps   0x0000000020000450        0x4 /usr/local/mcuxpressoide-10.3.0_2200/ide/plugins/com.nxp.mcuxpresso.tools.linux_10.3.0.201811011841/tools/bin/../lib/gcc/arm-none-eabi/7.3.1/../../../../arm-none-eabi/lib/thumb/v6-m/libcr_c.a(__init_alloc.o)
                0x0000000020000450                __heaps
 .bss.errno     0x0000000020000454        0x4 /usr/local/mcuxpressoide-10.3.0_2200/ide/plugins/com.nxp.mcuxpresso.tools.linux_10.3.0.201811011841/tools/bin/../lib/gcc/arm-none-eabi/7.3.1/../../../../arm-none-eabi/lib/thumb/v6-m/libcr_c.a(errno.o)
                0x0000000020000454                errno
 .bss.__Ciob    0x0000000020000458       0xb4 /usr/local/mcuxpressoide-10.3.0_2200/ide/plugins/com.nxp.mcuxpresso.tools.linux_10.3.0.201811011841/tools/bin/../lib/gcc/arm-none-eabi/7.3.1/../../../../arm-none-eabi/lib/thumb/v6-m/libcr_nohost_nf.a(__ciob.o)
                0x0000000020000458                __Ciob
 *(SORT_BY_ALIGNMENT(COMMON))
                0x000000002000050c                . = ALIGN (0x4)
                0x000000002000050c                _ebss = .
                [!provide]                        PROVIDE (end = .)

.noinit         0x000000002000050c        0x0 load address 0x0000000000003684
                0x000000002000050c                _noinit = .
 *(SORT_BY_ALIGNMENT(.noinit*))
                0x000000002000050c                . = ALIGN (0x4)
                0x000000002000050c                _end_noinit = .
                0x0000000000000400                _HeapSize = 0x400

.heap           0x000000002000050c      0x400 load address 0x0000000000003684
                0x000000002000050c                _pvHeapStart = .
                0x000000002000090c                . = (. + _HeapSize)
 *fill*         0x000000002000050c      0x400 
                0x000000002000090c                . = ALIGN (0x4)
                0x000000002000090c                _pvHeapLimit = .
                0x0000000000000400                _StackSize = 0x400

.heap2stackfill
                0x000000002000090c      0x400 load address 0x0000000000003684
                0x0000000020000d0c                . = (. + _StackSize)
 *fill*         0x000000002000090c      0x400 

.stack          0x0000000020002c00        0x0
                0x0000000020002c00                _vStackBase = .
                0x0000000020002c00                . = ALIGN (0x4)
                0x0000000020003000                _vStackTop = (. + _StackSize)
                0x0000000000000000                _image_start = LOADADDR (.text)
                0x0000000000003684                _image_end = (LOADADDR (.data) + SIZEOF (.data))
                0x0000000000003684                _image_size = (_image_end - _image_start)
OUTPUT(Project2_UARTDriver.axf elf32-littlearm)

.debug_info     0x0000000000000000     0x47f8
 .debug_info    0x0000000000000000      0x49b ./startup/startup_mkl25z4.o
 .debug_info    0x000000000000049b      0x81b ./source/Project2_UARTDriver.o
 .debug_info    0x0000000000000cb6       0x52 ./source/mtb.o
 .debug_info    0x0000000000000d08      0x307 ./source/ring.o
 .debug_info    0x000000000000100f       0x3b ./source/semihost_hardfault.o
 .debug_info    0x000000000000104a      0xcee ./source/uart_functions.o
 .debug_info    0x0000000000001d38     0x138c ./drivers/fsl_lpsci.o
 .debug_info    0x00000000000030c4     0x1336 ./drivers/fsl_uart.o
 .debug_info    0x00000000000043fa      0x3fe ./CMSIS/system_MKL25Z4.o

.debug_abbrev   0x0000000000000000      0xe21
 .debug_abbrev  0x0000000000000000      0x16d ./startup/startup_mkl25z4.o
 .debug_abbrev  0x000000000000016d      0x1b4 ./source/Project2_UARTDriver.o
 .debug_abbrev  0x0000000000000321       0x44 ./source/mtb.o
 .debug_abbrev  0x0000000000000365      0x11f ./source/ring.o
 .debug_abbrev  0x0000000000000484       0x2f ./source/semihost_hardfault.o
 .debug_abbrev  0x00000000000004b3      0x280 ./source/uart_functions.o
 .debug_abbrev  0x0000000000000733      0x2cd ./drivers/fsl_lpsci.o
 .debug_abbrev  0x0000000000000a00      0x2e5 ./drivers/fsl_uart.o
 .debug_abbrev  0x0000000000000ce5      0x13c ./CMSIS/system_MKL25Z4.o

.debug_aranges  0x0000000000000000      0x4c0
 .debug_aranges
                0x0000000000000000      0x160 ./startup/startup_mkl25z4.o
 .debug_aranges
                0x0000000000000160       0x20 ./source/Project2_UARTDriver.o
 .debug_aranges
                0x0000000000000180       0x18 ./source/mtb.o
 .debug_aranges
                0x0000000000000198       0x38 ./source/ring.o
 .debug_aranges
                0x00000000000001d0       0x20 ./source/semihost_hardfault.o
 .debug_aranges
                0x00000000000001f0       0x60 ./source/uart_functions.o
 .debug_aranges
                0x0000000000000250      0x118 ./drivers/fsl_lpsci.o
 .debug_aranges
                0x0000000000000368      0x130 ./drivers/fsl_uart.o
 .debug_aranges
                0x0000000000000498       0x28 ./CMSIS/system_MKL25Z4.o

.debug_ranges   0x0000000000000000      0x428
 .debug_ranges  0x0000000000000000      0x150 ./startup/startup_mkl25z4.o
 .debug_ranges  0x0000000000000150       0x10 ./source/Project2_UARTDriver.o
 .debug_ranges  0x0000000000000160       0x28 ./source/ring.o
 .debug_ranges  0x0000000000000188       0x10 ./source/semihost_hardfault.o
 .debug_ranges  0x0000000000000198       0x50 ./source/uart_functions.o
 .debug_ranges  0x00000000000001e8      0x108 ./drivers/fsl_lpsci.o
 .debug_ranges  0x00000000000002f0      0x120 ./drivers/fsl_uart.o
 .debug_ranges  0x0000000000000410       0x18 ./CMSIS/system_MKL25Z4.o

.debug_macro    0x0000000000000000      0x896
 .debug_macro   0x0000000000000000       0x29 ./startup/startup_mkl25z4.o
 .debug_macro   0x0000000000000029      0x153 ./source/Project2_UARTDriver.o
 .debug_macro   0x000000000000017c       0xa0 ./source/Project2_UARTDriver.o
 .debug_macro   0x000000000000021c       0x16 ./source/Project2_UARTDriver.o
 .debug_macro   0x0000000000000232       0x10 ./source/Project2_UARTDriver.o
 .debug_macro   0x0000000000000242      0x112 ./source/Project2_UARTDriver.o
 .debug_macro   0x0000000000000354       0x34 ./source/Project2_UARTDriver.o
 .debug_macro   0x0000000000000388       0x2f ./source/mtb.o
 .debug_macro   0x00000000000003b7       0x82 ./source/mtb.o
 .debug_macro   0x0000000000000439       0x10 ./source/mtb.o
 .debug_macro   0x0000000000000449       0x59 ./source/ring.o
 .debug_macro   0x00000000000004a2       0x22 ./source/ring.o
 .debug_macro   0x00000000000004c4       0x11 ./source/semihost_hardfault.o
 .debug_macro   0x00000000000004d5      0x14f ./source/uart_functions.o
 .debug_macro   0x0000000000000624       0xec ./drivers/fsl_lpsci.o
 .debug_macro   0x0000000000000710       0xf2 ./drivers/fsl_uart.o
 .debug_macro   0x0000000000000802       0x94 ./CMSIS/system_MKL25Z4.o

.debug_line     0x0000000000000000     0x1e6c
 .debug_line    0x0000000000000000      0x128 ./startup/startup_mkl25z4.o
 .debug_line    0x0000000000000128      0x398 ./source/Project2_UARTDriver.o
 .debug_line    0x00000000000004c0       0xd5 ./source/mtb.o
 .debug_line    0x0000000000000595      0x238 ./source/ring.o
 .debug_line    0x00000000000007cd       0x54 ./source/semihost_hardfault.o
 .debug_line    0x0000000000000821      0x4a6 ./source/uart_functions.o
 .debug_line    0x0000000000000cc7      0x79d ./drivers/fsl_lpsci.o
 .debug_line    0x0000000000001464      0x7a0 ./drivers/fsl_uart.o
 .debug_line    0x0000000000001c04      0x268 ./CMSIS/system_MKL25Z4.o

.debug_str      0x0000000000000000    0x33c60
 .debug_str     0x0000000000000000     0x30b3 ./startup/startup_mkl25z4.o
                                       0x310a (size before relaxing)
 .debug_str     0x00000000000030b3    0x2eb70 ./source/Project2_UARTDriver.o
                                      0x31a63 (size before relaxing)
 .debug_str     0x0000000000031c23      0x532 ./source/mtb.o
                                       0x3216 (size before relaxing)
 .debug_str     0x0000000000032155       0xd4 ./source/ring.o
                                       0x3674 (size before relaxing)
 .debug_str     0x0000000000032229       0x1f ./source/semihost_hardfault.o
                                       0x2d03 (size before relaxing)
 .debug_str     0x0000000000032248      0x371 ./source/uart_functions.o
                                      0x3198f (size before relaxing)
 .debug_str     0x00000000000325b9      0xd06 ./drivers/fsl_lpsci.o
                                      0x31819 (size before relaxing)
 .debug_str     0x00000000000332bf      0x93d ./drivers/fsl_uart.o
                                      0x3183c (size before relaxing)
 .debug_str     0x0000000000033bfc       0x64 ./CMSIS/system_MKL25Z4.o
                                      0x2fb7b (size before relaxing)

.comment        0x0000000000000000       0x7f
 .comment       0x0000000000000000       0x7f ./startup/startup_mkl25z4.o
                                         0x80 (size before relaxing)
 .comment       0x000000000000007f       0x80 ./source/Project2_UARTDriver.o
 .comment       0x000000000000007f       0x80 ./source/mtb.o
 .comment       0x000000000000007f       0x80 ./source/ring.o
 .comment       0x000000000000007f       0x80 ./source/semihost_hardfault.o
 .comment       0x000000000000007f       0x80 ./source/uart_functions.o
 .comment       0x000000000000007f       0x80 ./drivers/fsl_lpsci.o
 .comment       0x000000000000007f       0x80 ./drivers/fsl_uart.o
 .comment       0x000000000000007f       0x80 ./CMSIS/system_MKL25Z4.o
 .comment       0x000000000000007f       0x80 /usr/local/mcuxpressoide-10.3.0_2200/ide/plugins/com.nxp.mcuxpresso.tools.linux_10.3.0.201811011841/tools/bin/../lib/gcc/arm-none-eabi/7.3.1/../../../../arm-none-eabi/lib/thumb/v6-m/libcr_nohost_nf.a(_cr__main.o)
 .comment       0x000000000000007f       0x80 /usr/local/mcuxpressoide-10.3.0_2200/ide/plugins/com.nxp.mcuxpresso.tools.linux_10.3.0.201811011841/tools/bin/../lib/gcc/arm-none-eabi/7.3.1/../../../../arm-none-eabi/lib/thumb/v6-m/libcr_c.a(memset.o)
 .comment       0x000000000000007f       0x80 /usr/local/mcuxpressoide-10.3.0_2200/ide/plugins/com.nxp.mcuxpresso.tools.linux_10.3.0.201811011841/tools/bin/../lib/gcc/arm-none-eabi/7.3.1/../../../../arm-none-eabi/lib/thumb/v6-m/libcr_c.a(alloc.o)
 .comment       0x000000000000007f       0x80 /usr/local/mcuxpressoide-10.3.0_2200/ide/plugins/com.nxp.mcuxpresso.tools.linux_10.3.0.201811011841/tools/bin/../lib/gcc/arm-none-eabi/7.3.1/../../../../arm-none-eabi/lib/thumb/v6-m/libcr_c.a(fpprintf.o)
 .comment       0x000000000000007f       0x80 /usr/local/mcuxpressoide-10.3.0_2200/ide/plugins/com.nxp.mcuxpresso.tools.linux_10.3.0.201811011841/tools/bin/../lib/gcc/arm-none-eabi/7.3.1/../../../../arm-none-eabi/lib/thumb/v6-m/libcr_c.a(initio.o)
 .comment       0x000000000000007f       0x80 /usr/local/mcuxpressoide-10.3.0_2200/ide/plugins/com.nxp.mcuxpresso.tools.linux_10.3.0.201811011841/tools/bin/../lib/gcc/arm-none-eabi/7.3.1/../../../../arm-none-eabi/lib/thumb/v6-m/libcr_c.a(printf.o)
 .comment       0x000000000000007f       0x80 /usr/local/mcuxpressoide-10.3.0_2200/ide/plugins/com.nxp.mcuxpresso.tools.linux_10.3.0.201811011841/tools/bin/../lib/gcc/arm-none-eabi/7.3.1/../../../../arm-none-eabi/lib/thumb/v6-m/libcr_c.a(setvbuf.o)
 .comment       0x000000000000007f       0x80 /usr/local/mcuxpressoide-10.3.0_2200/ide/plugins/com.nxp.mcuxpresso.tools.linux_10.3.0.201811011841/tools/bin/../lib/gcc/arm-none-eabi/7.3.1/../../../../arm-none-eabi/lib/thumb/v6-m/libcr_c.a(strlen.o)
 .comment       0x000000000000007f       0x80 /usr/local/mcuxpressoide-10.3.0_2200/ide/plugins/com.nxp.mcuxpresso.tools.linux_10.3.0.201811011841/tools/bin/../lib/gcc/arm-none-eabi/7.3.1/../../../../arm-none-eabi/lib/thumb/v6-m/libcr_c.a(__init_alloc.o)
 .comment       0x000000000000007f       0x80 /usr/local/mcuxpressoide-10.3.0_2200/ide/plugins/com.nxp.mcuxpresso.tools.linux_10.3.0.201811011841/tools/bin/../lib/gcc/arm-none-eabi/7.3.1/../../../../arm-none-eabi/lib/thumb/v6-m/libcr_c.a(_cr_sbrk.o)
 .comment       0x000000000000007f       0x80 /usr/local/mcuxpressoide-10.3.0_2200/ide/plugins/com.nxp.mcuxpresso.tools.linux_10.3.0.201811011841/tools/bin/../lib/gcc/arm-none-eabi/7.3.1/../../../../arm-none-eabi/lib/thumb/v6-m/libcr_c.a(_deferredlazyseek.o)
 .comment       0x000000000000007f       0x80 /usr/local/mcuxpressoide-10.3.0_2200/ide/plugins/com.nxp.mcuxpresso.tools.linux_10.3.0.201811011841/tools/bin/../lib/gcc/arm-none-eabi/7.3.1/../../../../arm-none-eabi/lib/thumb/v6-m/libcr_c.a(_fdopen.o)
 .comment       0x000000000000007f       0x80 /usr/local/mcuxpressoide-10.3.0_2200/ide/plugins/com.nxp.mcuxpresso.tools.linux_10.3.0.201811011841/tools/bin/../lib/gcc/arm-none-eabi/7.3.1/../../../../arm-none-eabi/lib/thumb/v6-m/libcr_c.a(_fflush.o)
 .comment       0x000000000000007f       0x80 /usr/local/mcuxpressoide-10.3.0_2200/ide/plugins/com.nxp.mcuxpresso.tools.linux_10.3.0.201811011841/tools/bin/../lib/gcc/arm-none-eabi/7.3.1/../../../../arm-none-eabi/lib/thumb/v6-m/libcr_c.a(_frexpl.o)
 .comment       0x000000000000007f       0x80 /usr/local/mcuxpressoide-10.3.0_2200/ide/plugins/com.nxp.mcuxpresso.tools.linux_10.3.0.201811011841/tools/bin/../lib/gcc/arm-none-eabi/7.3.1/../../../../arm-none-eabi/lib/thumb/v6-m/libcr_c.a(_hugeval.o)
 .comment       0x000000000000007f       0x80 /usr/local/mcuxpressoide-10.3.0_2200/ide/plugins/com.nxp.mcuxpresso.tools.linux_10.3.0.201811011841/tools/bin/../lib/gcc/arm-none-eabi/7.3.1/../../../../arm-none-eabi/lib/thumb/v6-m/libcr_c.a(_ldexpl.o)
 .comment       0x000000000000007f       0x80 /usr/local/mcuxpressoide-10.3.0_2200/ide/plugins/com.nxp.mcuxpresso.tools.linux_10.3.0.201811011841/tools/bin/../lib/gcc/arm-none-eabi/7.3.1/../../../../arm-none-eabi/lib/thumb/v6-m/libcr_c.a(_writebuf.o)
 .comment       0x000000000000007f       0x80 /usr/local/mcuxpressoide-10.3.0_2200/ide/plugins/com.nxp.mcuxpresso.tools.linux_10.3.0.201811011841/tools/bin/../lib/gcc/arm-none-eabi/7.3.1/../../../../arm-none-eabi/lib/thumb/v6-m/libcr_c.a(errno.o)
 .comment       0x000000000000007f       0x80 /usr/local/mcuxpressoide-10.3.0_2200/ide/plugins/com.nxp.mcuxpresso.tools.linux_10.3.0.201811011841/tools/bin/../lib/gcc/arm-none-eabi/7.3.1/../../../../arm-none-eabi/lib/thumb/v6-m/libcr_c.a(fclose.o)
 .comment       0x000000000000007f       0x80 /usr/local/mcuxpressoide-10.3.0_2200/ide/plugins/com.nxp.mcuxpresso.tools.linux_10.3.0.201811011841/tools/bin/../lib/gcc/arm-none-eabi/7.3.1/../../../../arm-none-eabi/lib/thumb/v6-m/libcr_c.a(fflush.o)
 .comment       0x000000000000007f       0x80 /usr/local/mcuxpressoide-10.3.0_2200/ide/plugins/com.nxp.mcuxpresso.tools.linux_10.3.0.201811011841/tools/bin/../lib/gcc/arm-none-eabi/7.3.1/../../../../arm-none-eabi/lib/thumb/v6-m/libcr_c.a(fseek.o)
 .comment       0x000000000000007f       0x80 /usr/local/mcuxpressoide-10.3.0_2200/ide/plugins/com.nxp.mcuxpresso.tools.linux_10.3.0.201811011841/tools/bin/../lib/gcc/arm-none-eabi/7.3.1/../../../../arm-none-eabi/lib/thumb/v6-m/libcr_c.a(ftell.o)
 .comment       0x000000000000007f       0x80 /usr/local/mcuxpressoide-10.3.0_2200/ide/plugins/com.nxp.mcuxpresso.tools.linux_10.3.0.201811011841/tools/bin/../lib/gcc/arm-none-eabi/7.3.1/../../../../arm-none-eabi/lib/thumb/v6-m/libcr_c.a(remove.o)
 .comment       0x000000000000007f       0x80 /usr/local/mcuxpressoide-10.3.0_2200/ide/plugins/com.nxp.mcuxpresso.tools.linux_10.3.0.201811011841/tools/bin/../lib/gcc/arm-none-eabi/7.3.1/../../../../arm-none-eabi/lib/thumb/v6-m/libcr_c.a(_cr_check_heap.o)
 .comment       0x000000000000007f       0x80 /usr/local/mcuxpressoide-10.3.0_2200/ide/plugins/com.nxp.mcuxpresso.tools.linux_10.3.0.201811011841/tools/bin/../lib/gcc/arm-none-eabi/7.3.1/../../../../arm-none-eabi/lib/thumb/v6-m/libcr_c.a(_do_fflush.o)
 .comment       0x000000000000007f       0x80 /usr/local/mcuxpressoide-10.3.0_2200/ide/plugins/com.nxp.mcuxpresso.tools.linux_10.3.0.201811011841/tools/bin/../lib/gcc/arm-none-eabi/7.3.1/thumb/v6-m/libcr_eabihelpers.a(double.o)
 .comment       0x000000000000007f       0x80 /usr/local/mcuxpressoide-10.3.0_2200/ide/plugins/com.nxp.mcuxpresso.tools.linux_10.3.0.201811011841/tools/bin/../lib/gcc/arm-none-eabi/7.3.1/../../../../arm-none-eabi/lib/thumb/v6-m/libcr_nohost_nf.a(__ciob.o)
 .comment       0x000000000000007f       0x80 /usr/local/mcuxpressoide-10.3.0_2200/ide/plugins/com.nxp.mcuxpresso.tools.linux_10.3.0.201811011841/tools/bin/../lib/gcc/arm-none-eabi/7.3.1/../../../../arm-none-eabi/lib/thumb/v6-m/libcr_nohost_nf.a(__sys_appexit.o)
 .comment       0x000000000000007f       0x80 /usr/local/mcuxpressoide-10.3.0_2200/ide/plugins/com.nxp.mcuxpresso.tools.linux_10.3.0.201811011841/tools/bin/../lib/gcc/arm-none-eabi/7.3.1/../../../../arm-none-eabi/lib/thumb/v6-m/libcr_nohost_nf.a(__sys_close.o)
 .comment       0x000000000000007f       0x80 /usr/local/mcuxpressoide-10.3.0_2200/ide/plugins/com.nxp.mcuxpresso.tools.linux_10.3.0.201811011841/tools/bin/../lib/gcc/arm-none-eabi/7.3.1/../../../../arm-none-eabi/lib/thumb/v6-m/libcr_nohost_nf.a(__sys_flen.o)
 .comment       0x000000000000007f       0x80 /usr/local/mcuxpressoide-10.3.0_2200/ide/plugins/com.nxp.mcuxpresso.tools.linux_10.3.0.201811011841/tools/bin/../lib/gcc/arm-none-eabi/7.3.1/../../../../arm-none-eabi/lib/thumb/v6-m/libcr_nohost_nf.a(__sys_istty.o)
 .comment       0x000000000000007f       0x80 /usr/local/mcuxpressoide-10.3.0_2200/ide/plugins/com.nxp.mcuxpresso.tools.linux_10.3.0.201811011841/tools/bin/../lib/gcc/arm-none-eabi/7.3.1/../../../../arm-none-eabi/lib/thumb/v6-m/libcr_nohost_nf.a(__sys_remove.o)
 .comment       0x000000000000007f       0x80 /usr/local/mcuxpressoide-10.3.0_2200/ide/plugins/com.nxp.mcuxpresso.tools.linux_10.3.0.201811011841/tools/bin/../lib/gcc/arm-none-eabi/7.3.1/../../../../arm-none-eabi/lib/thumb/v6-m/libcr_nohost_nf.a(__sys_seek.o)
 .comment       0x000000000000007f       0x80 /usr/local/mcuxpressoide-10.3.0_2200/ide/plugins/com.nxp.mcuxpresso.tools.linux_10.3.0.201811011841/tools/bin/../lib/gcc/arm-none-eabi/7.3.1/../../../../arm-none-eabi/lib/thumb/v6-m/libcr_nohost_nf.a(__sys_tmpnam.o)
 .comment       0x000000000000007f       0x80 /usr/local/mcuxpressoide-10.3.0_2200/ide/plugins/com.nxp.mcuxpresso.tools.linux_10.3.0.201811011841/tools/bin/../lib/gcc/arm-none-eabi/7.3.1/../../../../arm-none-eabi/lib/thumb/v6-m/libcr_nohost_nf.a(__sys_write.o)

.ARM.attributes
                0x0000000000000000       0x30
 .ARM.attributes
                0x0000000000000000       0x32 ./startup/startup_mkl25z4.o
 .ARM.attributes
                0x0000000000000032       0x32 ./source/Project2_UARTDriver.o
 .ARM.attributes
                0x0000000000000064       0x32 ./source/mtb.o
 .ARM.attributes
                0x0000000000000096       0x32 ./source/ring.o
 .ARM.attributes
                0x00000000000000c8       0x32 ./source/semihost_hardfault.o
 .ARM.attributes
                0x00000000000000fa       0x32 ./source/uart_functions.o
 .ARM.attributes
                0x000000000000012c       0x32 ./drivers/fsl_lpsci.o
 .ARM.attributes
                0x000000000000015e       0x32 ./drivers/fsl_uart.o
 .ARM.attributes
                0x0000000000000190       0x32 ./CMSIS/system_MKL25Z4.o
 .ARM.attributes
                0x00000000000001c2       0x31 /usr/local/mcuxpressoide-10.3.0_2200/ide/plugins/com.nxp.mcuxpresso.tools.linux_10.3.0.201811011841/tools/bin/../lib/gcc/arm-none-eabi/7.3.1/../../../../arm-none-eabi/lib/thumb/v6-m/libcr_nohost_nf.a(_cr__main.o)
 .ARM.attributes
                0x00000000000001f3       0x31 /usr/local/mcuxpressoide-10.3.0_2200/ide/plugins/com.nxp.mcuxpresso.tools.linux_10.3.0.201811011841/tools/bin/../lib/gcc/arm-none-eabi/7.3.1/../../../../arm-none-eabi/lib/thumb/v6-m/libcr_c.a(memset.o)
 .ARM.attributes
                0x0000000000000224       0x31 /usr/local/mcuxpressoide-10.3.0_2200/ide/plugins/com.nxp.mcuxpresso.tools.linux_10.3.0.201811011841/tools/bin/../lib/gcc/arm-none-eabi/7.3.1/../../../../arm-none-eabi/lib/thumb/v6-m/libcr_c.a(alloc.o)
 .ARM.attributes
                0x0000000000000255       0x31 /usr/local/mcuxpressoide-10.3.0_2200/ide/plugins/com.nxp.mcuxpresso.tools.linux_10.3.0.201811011841/tools/bin/../lib/gcc/arm-none-eabi/7.3.1/../../../../arm-none-eabi/lib/thumb/v6-m/libcr_c.a(fpprintf.o)
 .ARM.attributes
                0x0000000000000286       0x31 /usr/local/mcuxpressoide-10.3.0_2200/ide/plugins/com.nxp.mcuxpresso.tools.linux_10.3.0.201811011841/tools/bin/../lib/gcc/arm-none-eabi/7.3.1/../../../../arm-none-eabi/lib/thumb/v6-m/libcr_c.a(initio.o)
 .ARM.attributes
                0x00000000000002b7       0x31 /usr/local/mcuxpressoide-10.3.0_2200/ide/plugins/com.nxp.mcuxpresso.tools.linux_10.3.0.201811011841/tools/bin/../lib/gcc/arm-none-eabi/7.3.1/../../../../arm-none-eabi/lib/thumb/v6-m/libcr_c.a(printf.o)
 .ARM.attributes
                0x00000000000002e8       0x31 /usr/local/mcuxpressoide-10.3.0_2200/ide/plugins/com.nxp.mcuxpresso.tools.linux_10.3.0.201811011841/tools/bin/../lib/gcc/arm-none-eabi/7.3.1/../../../../arm-none-eabi/lib/thumb/v6-m/libcr_c.a(setvbuf.o)
 .ARM.attributes
                0x0000000000000319       0x31 /usr/local/mcuxpressoide-10.3.0_2200/ide/plugins/com.nxp.mcuxpresso.tools.linux_10.3.0.201811011841/tools/bin/../lib/gcc/arm-none-eabi/7.3.1/../../../../arm-none-eabi/lib/thumb/v6-m/libcr_c.a(strlen.o)
 .ARM.attributes
                0x000000000000034a       0x31 /usr/local/mcuxpressoide-10.3.0_2200/ide/plugins/com.nxp.mcuxpresso.tools.linux_10.3.0.201811011841/tools/bin/../lib/gcc/arm-none-eabi/7.3.1/../../../../arm-none-eabi/lib/thumb/v6-m/libcr_c.a(__init_alloc.o)
 .ARM.attributes
                0x000000000000037b       0x31 /usr/local/mcuxpressoide-10.3.0_2200/ide/plugins/com.nxp.mcuxpresso.tools.linux_10.3.0.201811011841/tools/bin/../lib/gcc/arm-none-eabi/7.3.1/../../../../arm-none-eabi/lib/thumb/v6-m/libcr_c.a(_cr_sbrk.o)
 .ARM.attributes
                0x00000000000003ac       0x31 /usr/local/mcuxpressoide-10.3.0_2200/ide/plugins/com.nxp.mcuxpresso.tools.linux_10.3.0.201811011841/tools/bin/../lib/gcc/arm-none-eabi/7.3.1/../../../../arm-none-eabi/lib/thumb/v6-m/libcr_c.a(_deferredlazyseek.o)
 .ARM.attributes
                0x00000000000003dd       0x31 /usr/local/mcuxpressoide-10.3.0_2200/ide/plugins/com.nxp.mcuxpresso.tools.linux_10.3.0.201811011841/tools/bin/../lib/gcc/arm-none-eabi/7.3.1/../../../../arm-none-eabi/lib/thumb/v6-m/libcr_c.a(_fdopen.o)
 .ARM.attributes
                0x000000000000040e       0x31 /usr/local/mcuxpressoide-10.3.0_2200/ide/plugins/com.nxp.mcuxpresso.tools.linux_10.3.0.201811011841/tools/bin/../lib/gcc/arm-none-eabi/7.3.1/../../../../arm-none-eabi/lib/thumb/v6-m/libcr_c.a(_fflush.o)
 .ARM.attributes
                0x000000000000043f       0x31 /usr/local/mcuxpressoide-10.3.0_2200/ide/plugins/com.nxp.mcuxpresso.tools.linux_10.3.0.201811011841/tools/bin/../lib/gcc/arm-none-eabi/7.3.1/../../../../arm-none-eabi/lib/thumb/v6-m/libcr_c.a(_frexpl.o)
 .ARM.attributes
                0x0000000000000470       0x31 /usr/local/mcuxpressoide-10.3.0_2200/ide/plugins/com.nxp.mcuxpresso.tools.linux_10.3.0.201811011841/tools/bin/../lib/gcc/arm-none-eabi/7.3.1/../../../../arm-none-eabi/lib/thumb/v6-m/libcr_c.a(_hugeval.o)
 .ARM.attributes
                0x00000000000004a1       0x31 /usr/local/mcuxpressoide-10.3.0_2200/ide/plugins/com.nxp.mcuxpresso.tools.linux_10.3.0.201811011841/tools/bin/../lib/gcc/arm-none-eabi/7.3.1/../../../../arm-none-eabi/lib/thumb/v6-m/libcr_c.a(_ldexpl.o)
 .ARM.attributes
                0x00000000000004d2       0x31 /usr/local/mcuxpressoide-10.3.0_2200/ide/plugins/com.nxp.mcuxpresso.tools.linux_10.3.0.201811011841/tools/bin/../lib/gcc/arm-none-eabi/7.3.1/../../../../arm-none-eabi/lib/thumb/v6-m/libcr_c.a(_writebuf.o)
 .ARM.attributes
                0x0000000000000503       0x31 /usr/local/mcuxpressoide-10.3.0_2200/ide/plugins/com.nxp.mcuxpresso.tools.linux_10.3.0.201811011841/tools/bin/../lib/gcc/arm-none-eabi/7.3.1/../../../../arm-none-eabi/lib/thumb/v6-m/libcr_c.a(errno.o)
 .ARM.attributes
                0x0000000000000534       0x31 /usr/local/mcuxpressoide-10.3.0_2200/ide/plugins/com.nxp.mcuxpresso.tools.linux_10.3.0.201811011841/tools/bin/../lib/gcc/arm-none-eabi/7.3.1/../../../../arm-none-eabi/lib/thumb/v6-m/libcr_c.a(fclose.o)
 .ARM.attributes
                0x0000000000000565       0x31 /usr/local/mcuxpressoide-10.3.0_2200/ide/plugins/com.nxp.mcuxpresso.tools.linux_10.3.0.201811011841/tools/bin/../lib/gcc/arm-none-eabi/7.3.1/../../../../arm-none-eabi/lib/thumb/v6-m/libcr_c.a(fflush.o)
 .ARM.attributes
                0x0000000000000596       0x31 /usr/local/mcuxpressoide-10.3.0_2200/ide/plugins/com.nxp.mcuxpresso.tools.linux_10.3.0.201811011841/tools/bin/../lib/gcc/arm-none-eabi/7.3.1/../../../../arm-none-eabi/lib/thumb/v6-m/libcr_c.a(fseek.o)
 .ARM.attributes
                0x00000000000005c7       0x31 /usr/local/mcuxpressoide-10.3.0_2200/ide/plugins/com.nxp.mcuxpresso.tools.linux_10.3.0.201811011841/tools/bin/../lib/gcc/arm-none-eabi/7.3.1/../../../../arm-none-eabi/lib/thumb/v6-m/libcr_c.a(ftell.o)
 .ARM.attributes
                0x00000000000005f8       0x31 /usr/local/mcuxpressoide-10.3.0_2200/ide/plugins/com.nxp.mcuxpresso.tools.linux_10.3.0.201811011841/tools/bin/../lib/gcc/arm-none-eabi/7.3.1/../../../../arm-none-eabi/lib/thumb/v6-m/libcr_c.a(remove.o)
 .ARM.attributes
                0x0000000000000629       0x31 /usr/local/mcuxpressoide-10.3.0_2200/ide/plugins/com.nxp.mcuxpresso.tools.linux_10.3.0.201811011841/tools/bin/../lib/gcc/arm-none-eabi/7.3.1/../../../../arm-none-eabi/lib/thumb/v6-m/libcr_c.a(_cr_check_heap.o)
 .ARM.attributes
                0x000000000000065a       0x31 /usr/local/mcuxpressoide-10.3.0_2200/ide/plugins/com.nxp.mcuxpresso.tools.linux_10.3.0.201811011841/tools/bin/../lib/gcc/arm-none-eabi/7.3.1/../../../../arm-none-eabi/lib/thumb/v6-m/libcr_c.a(_do_fflush.o)
 .ARM.attributes
                0x000000000000068b       0x21 /usr/local/mcuxpressoide-10.3.0_2200/ide/plugins/com.nxp.mcuxpresso.tools.linux_10.3.0.201811011841/tools/bin/../lib/gcc/arm-none-eabi/7.3.1/thumb/v6-m/libcr_eabihelpers.a(division_32.o)
 .ARM.attributes
                0x00000000000006ac       0x21 /usr/local/mcuxpressoide-10.3.0_2200/ide/plugins/com.nxp.mcuxpresso.tools.linux_10.3.0.201811011841/tools/bin/../lib/gcc/arm-none-eabi/7.3.1/thumb/v6-m/libcr_eabihelpers.a(division_idiv0.o)
 .ARM.attributes
                0x00000000000006cd       0x31 /usr/local/mcuxpressoide-10.3.0_2200/ide/plugins/com.nxp.mcuxpresso.tools.linux_10.3.0.201811011841/tools/bin/../lib/gcc/arm-none-eabi/7.3.1/thumb/v6-m/libcr_eabihelpers.a(double.o)
 .ARM.attributes
                0x00000000000006fe       0x21 /usr/local/mcuxpressoide-10.3.0_2200/ide/plugins/com.nxp.mcuxpresso.tools.linux_10.3.0.201811011841/tools/bin/../lib/gcc/arm-none-eabi/7.3.1/thumb/v6-m/libcr_eabihelpers.a(llong.o)
 .ARM.attributes
                0x000000000000071f       0x21 /usr/local/mcuxpressoide-10.3.0_2200/ide/plugins/com.nxp.mcuxpresso.tools.linux_10.3.0.201811011841/tools/bin/../lib/gcc/arm-none-eabi/7.3.1/thumb/v6-m/libcr_eabihelpers.a(memcpy.o)
 .ARM.attributes
                0x0000000000000740       0x31 /usr/local/mcuxpressoide-10.3.0_2200/ide/plugins/com.nxp.mcuxpresso.tools.linux_10.3.0.201811011841/tools/bin/../lib/gcc/arm-none-eabi/7.3.1/../../../../arm-none-eabi/lib/thumb/v6-m/libcr_nohost_nf.a(__ciob.o)
 .ARM.attributes
                0x0000000000000771       0x31 /usr/local/mcuxpressoide-10.3.0_2200/ide/plugins/com.nxp.mcuxpresso.tools.linux_10.3.0.201811011841/tools/bin/../lib/gcc/arm-none-eabi/7.3.1/../../../../arm-none-eabi/lib/thumb/v6-m/libcr_nohost_nf.a(__sys_appexit.o)
 .ARM.attributes
                0x00000000000007a2       0x31 /usr/local/mcuxpressoide-10.3.0_2200/ide/plugins/com.nxp.mcuxpresso.tools.linux_10.3.0.201811011841/tools/bin/../lib/gcc/arm-none-eabi/7.3.1/../../../../arm-none-eabi/lib/thumb/v6-m/libcr_nohost_nf.a(__sys_close.o)
 .ARM.attributes
                0x00000000000007d3       0x31 /usr/local/mcuxpressoide-10.3.0_2200/ide/plugins/com.nxp.mcuxpresso.tools.linux_10.3.0.201811011841/tools/bin/../lib/gcc/arm-none-eabi/7.3.1/../../../../arm-none-eabi/lib/thumb/v6-m/libcr_nohost_nf.a(__sys_flen.o)
 .ARM.attributes
                0x0000000000000804       0x31 /usr/local/mcuxpressoide-10.3.0_2200/ide/plugins/com.nxp.mcuxpresso.tools.linux_10.3.0.201811011841/tools/bin/../lib/gcc/arm-none-eabi/7.3.1/../../../../arm-none-eabi/lib/thumb/v6-m/libcr_nohost_nf.a(__sys_istty.o)
 .ARM.attributes
                0x0000000000000835       0x31 /usr/local/mcuxpressoide-10.3.0_2200/ide/plugins/com.nxp.mcuxpresso.tools.linux_10.3.0.201811011841/tools/bin/../lib/gcc/arm-none-eabi/7.3.1/../../../../arm-none-eabi/lib/thumb/v6-m/libcr_nohost_nf.a(__sys_remove.o)
 .ARM.attributes
                0x0000000000000866       0x31 /usr/local/mcuxpressoide-10.3.0_2200/ide/plugins/com.nxp.mcuxpresso.tools.linux_10.3.0.201811011841/tools/bin/../lib/gcc/arm-none-eabi/7.3.1/../../../../arm-none-eabi/lib/thumb/v6-m/libcr_nohost_nf.a(__sys_seek.o)
 .ARM.attributes
                0x0000000000000897       0x31 /usr/local/mcuxpressoide-10.3.0_2200/ide/plugins/com.nxp.mcuxpresso.tools.linux_10.3.0.201811011841/tools/bin/../lib/gcc/arm-none-eabi/7.3.1/../../../../arm-none-eabi/lib/thumb/v6-m/libcr_nohost_nf.a(__sys_tmpnam.o)
 .ARM.attributes
                0x00000000000008c8       0x31 /usr/local/mcuxpressoide-10.3.0_2200/ide/plugins/com.nxp.mcuxpresso.tools.linux_10.3.0.201811011841/tools/bin/../lib/gcc/arm-none-eabi/7.3.1/../../../../arm-none-eabi/lib/thumb/v6-m/libcr_nohost_nf.a(__sys_write.o)

.debug_frame    0x0000000000000000      0xe88
 .debug_frame   0x0000000000000000      0x3b0 ./startup/startup_mkl25z4.o
 .debug_frame   0x00000000000003b0       0x30 ./source/Project2_UARTDriver.o
 .debug_frame   0x00000000000003e0       0x94 ./source/ring.o
 .debug_frame   0x0000000000000474       0x20 ./source/semihost_hardfault.o
 .debug_frame   0x0000000000000494      0x128 ./source/uart_functions.o
 .debug_frame   0x00000000000005bc      0x418 ./drivers/fsl_lpsci.o
 .debug_frame   0x00000000000009d4      0x468 ./drivers/fsl_uart.o
 .debug_frame   0x0000000000000e3c       0x4c ./CMSIS/system_MKL25Z4.o
